
Circuit 1 cell sg13_hv_pmos and Circuit 2 cell sg13_hv_pmos are black boxes.
Warning: Equate pins:  cell sg13_hv_pmos is a placeholder, treated as a black box.
Warning: Equate pins:  cell sg13_hv_pmos is a placeholder, treated as a black box.

Subcircuit pins:
Circuit 1: sg13_hv_pmos                    |Circuit 2: sg13_hv_pmos                    
-------------------------------------------|-------------------------------------------
1                                          |1                                          
2                                          |2                                          
3                                          |3                                          
4                                          |4                                          
---------------------------------------------------------------------------------------
Cell pin lists are equivalent.
Device classes sg13_hv_pmos and sg13_hv_pmos are equivalent.

Circuit 1 cell sg13_hv_nmos and Circuit 2 cell sg13_hv_nmos are black boxes.
Warning: Equate pins:  cell sg13_hv_nmos is a placeholder, treated as a black box.
Warning: Equate pins:  cell sg13_hv_nmos is a placeholder, treated as a black box.

Subcircuit pins:
Circuit 1: sg13_hv_nmos                    |Circuit 2: sg13_hv_nmos                    
-------------------------------------------|-------------------------------------------
1                                          |1                                          
2                                          |2                                          
3                                          |3                                          
4                                          |4                                          
---------------------------------------------------------------------------------------
Cell pin lists are equivalent.
Device classes sg13_hv_nmos and sg13_hv_nmos are equivalent.

Circuit 1 cell rhigh and Circuit 2 cell rhigh are black boxes.
Warning: Equate pins:  cell rhigh is a placeholder, treated as a black box.
Warning: Equate pins:  cell rhigh is a placeholder, treated as a black box.

Subcircuit pins:
Circuit 1: rhigh                           |Circuit 2: rhigh                           
-------------------------------------------|-------------------------------------------
1                                          |1                                          
2                                          |2                                          
3                                          |3                                          
---------------------------------------------------------------------------------------
Cell pin lists are equivalent.
Device classes rhigh and rhigh are equivalent.

Class ptat_curr_gen (0):  Merged 38 parallel devices.
Class ptat_curr_gen (1):  Merged 38 parallel devices.
Subcircuit summary:
Circuit 1: ptat_curr_gen                   |Circuit 2: ptat_curr_gen                   
-------------------------------------------|-------------------------------------------
sg13_hv_pmos (37->14)                      |sg13_hv_pmos (37->14)                      
sg13_hv_nmos (18->3)                       |sg13_hv_nmos (18->3)                       
rhigh (1)                                  |rhigh (1)                                  
Number of devices: 18                      |Number of devices: 18                      
Number of nets: 14                         |Number of nets: 14                         
---------------------------------------------------------------------------------------
Resolving symmetries by property value.
Resolving symmetries by pin name.
Netlists match uniquely with property errors.
rhigh:13 vs. rhigh:R1:
 l circuit1: 0.00068478   circuit2: 3e-05   (delta=183%, cutoff=1%)
rhigh:13 vs. rhigh:R1:
Property mm_ok in circuit2 has no matching property in circuit1
rhigh:13 vs. rhigh:R1:
Property mm_ok in circuit2 has no matching property in circuit1
sg13_hv_nmos:26 vs. sg13_hv_nmos:M1:
Property mm_ok in circuit2 has no matching property in circuit1
sg13_hv_nmos:26 vs. sg13_hv_nmos:M1:
Property mm_ok in circuit2 has no matching property in circuit1
sg13_hv_nmos:44 vs. sg13_hv_nmos:M2:
Property mm_ok in circuit2 has no matching property in circuit1
sg13_hv_nmos:44 vs. sg13_hv_nmos:M2:
Property mm_ok in circuit2 has no matching property in circuit1
sg13_hv_nmos:2 vs. sg13_hv_nmos:MD1:
Property mm_ok in circuit2 has no matching property in circuit1
sg13_hv_nmos:2 vs. sg13_hv_nmos:MD1:
Property mm_ok in circuit2 has no matching property in circuit1
sg13_hv_nmos:2 vs. sg13_hv_nmos:MD1:
Property mm_ok in circuit2 has no matching property in circuit1
sg13_hv_nmos:2 vs. sg13_hv_nmos:MD1:
Property mm_ok in circuit2 has no matching property in circuit1
sg13_hv_pmos:9 vs. sg13_hv_pmos:M4:
Property mm_ok in circuit2 has no matching property in circuit1
sg13_hv_pmos:9 vs. sg13_hv_pmos:M4:
Property mm_ok in circuit2 has no matching property in circuit1
sg13_hv_pmos:0 vs. sg13_hv_pmos:MD17:
Property mm_ok in circuit2 has no matching property in circuit1
sg13_hv_pmos:0 vs. sg13_hv_pmos:MD17:
Property mm_ok in circuit2 has no matching property in circuit1
sg13_hv_pmos:45 vs. sg13_hv_pmos:M3:
Property mm_ok in circuit2 has no matching property in circuit1
sg13_hv_pmos:45 vs. sg13_hv_pmos:M3:
Property mm_ok in circuit2 has no matching property in circuit1
sg13_hv_pmos:16 vs. sg13_hv_pmos:MS1:
Property mm_ok in circuit2 has no matching property in circuit1
sg13_hv_pmos:16 vs. sg13_hv_pmos:MS1:
Property mm_ok in circuit2 has no matching property in circuit1
sg13_hv_pmos:49 vs. sg13_hv_pmos:MS3:
Property mm_ok in circuit2 has no matching property in circuit1
sg13_hv_pmos:49 vs. sg13_hv_pmos:MS3:
Property mm_ok in circuit2 has no matching property in circuit1
sg13_hv_pmos:14 vs. sg13_hv_pmos:M5:
Property mm_ok in circuit2 has no matching property in circuit1
sg13_hv_pmos:14 vs. sg13_hv_pmos:M5:
Property mm_ok in circuit2 has no matching property in circuit1
sg13_hv_pmos:48 vs. sg13_hv_pmos:M6:
Property mm_ok in circuit2 has no matching property in circuit1
sg13_hv_pmos:48 vs. sg13_hv_pmos:M6:
Property mm_ok in circuit2 has no matching property in circuit1
sg13_hv_pmos:41 vs. sg13_hv_pmos:M7:
Property mm_ok in circuit2 has no matching property in circuit1
sg13_hv_pmos:41 vs. sg13_hv_pmos:M7:
Property mm_ok in circuit2 has no matching property in circuit1
sg13_hv_pmos:40 vs. sg13_hv_pmos:M8:
Property mm_ok in circuit2 has no matching property in circuit1
sg13_hv_pmos:40 vs. sg13_hv_pmos:M8:
Property mm_ok in circuit2 has no matching property in circuit1
sg13_hv_pmos:29 vs. sg13_hv_pmos:MSS2:
Property mm_ok in circuit2 has no matching property in circuit1
sg13_hv_pmos:29 vs. sg13_hv_pmos:MSS2:
Property mm_ok in circuit2 has no matching property in circuit1
sg13_hv_pmos:47 vs. sg13_hv_pmos:MSS4:
Property mm_ok in circuit2 has no matching property in circuit1
sg13_hv_pmos:47 vs. sg13_hv_pmos:MSS4:
Property mm_ok in circuit2 has no matching property in circuit1
sg13_hv_pmos:28 vs. sg13_hv_pmos:MSS3:
Property mm_ok in circuit2 has no matching property in circuit1
sg13_hv_pmos:28 vs. sg13_hv_pmos:MSS3:
Property mm_ok in circuit2 has no matching property in circuit1
sg13_hv_pmos:27 vs. sg13_hv_pmos:MSS5:
Property mm_ok in circuit2 has no matching property in circuit1
sg13_hv_pmos:27 vs. sg13_hv_pmos:MSS5:
Property mm_ok in circuit2 has no matching property in circuit1
sg13_hv_pmos:50 vs. sg13_hv_pmos:MSS1:
Property mm_ok in circuit2 has no matching property in circuit1
sg13_hv_pmos:50 vs. sg13_hv_pmos:MSS1:
Property mm_ok in circuit2 has no matching property in circuit1

Subcircuit pins:
Circuit 1: ptat_curr_gen                   |Circuit 2: ptat_curr_gen                   
-------------------------------------------|-------------------------------------------
CSOUT2                                     |CSOUT2                                     
CSOUT1                                     |CSOUT1                                     
CSOUT4                                     |CSOUT4                                     
CSOUT3                                     |CSOUT3                                     
PBIAS                                      |PBIAS                                      
PCSVSS                                     |PCSVSS                                     
PCSVDD                                     |PCSVDD                                     
---------------------------------------------------------------------------------------
Cell pin lists are equivalent.
Device classes ptat_curr_gen and ptat_curr_gen are equivalent.

Final result: Circuits match uniquely.
Property errors were found.

The following cells had property errors:
 ptat_curr_gen
