heichips26_FAIf
----------------------------------------
Righ or Rppd resistor to unrelated poly < 80 (Sal.c + Sal.d)
----------------------------------------
 421.185um 156.875um 421.405um 157.075um
 435.185um 156.905um 435.405um 157.075um
 421.185um 156.875um 421.405um 157.075um
 435.185um 156.905um 435.405um 157.075um
----------------------------------------
Can't overlap those layers
----------------------------------------
 194.290um 177.420um 195.530um 177.980um
 198.215um 177.420um 205.235um 177.980um
 194.290um 169.370um 195.530um 169.930um
 198.215um 169.370um 205.235um 169.930um
 194.290um 161.320um 195.530um 161.880um
 198.215um 161.320um 205.235um 161.880um
 194.290um 153.270um 195.530um 153.830um
 198.215um 153.270um 205.235um 153.830um
 194.290um 145.220um 195.530um 145.780um
 198.215um 145.220um 205.235um 145.780um
 194.830um 137.170um 196.410um 137.730um
 387.520um 128.320um 391.820um 128.880um
 194.525um 123.220um 196.445um 123.780um
 199.240um 123.220um 206.260um 123.780um
 252.140um 117.415um 254.060um 117.975um
 194.525um 114.870um 196.445um 115.430um
 199.240um 114.870um 206.260um 115.430um
 194.525um 106.520um 196.445um 107.080um
 199.240um 106.520um 206.260um 107.080um
 194.525um 98.170um 196.445um 98.730um
 199.240um 98.170um 206.260um 98.730um
 194.525um 85.220um 196.445um 85.780um
 199.240um 85.220um 206.260um 85.780um
 252.140um 79.415um 254.060um 79.975um
 194.525um 76.870um 196.445um 77.430um
 199.240um 76.870um 206.260um 77.430um
 194.525um 68.520um 196.445um 69.080um
 199.240um 68.520um 206.260um 69.080um
 194.525um 60.170um 196.445um 60.730um
 199.240um 60.170um 206.260um 60.730um
 194.525um 47.220um 196.445um 47.780um
 199.240um 47.220um 206.260um 47.780um
 252.140um 41.415um 254.060um 41.975um
 194.525um 38.870um 196.445um 39.430um
 199.240um 38.870um 206.260um 39.430um
 194.525um 30.520um 196.445um 31.080um
 199.240um 30.520um 206.260um 31.080um
 194.525um 22.170um 196.445um 22.730um
 199.240um 22.170um 206.260um 22.730um
 196.275um 173.665um 196.575um 174.645um
 205.660um 173.665um 205.960um 174.645um
 196.275um 165.615um 196.575um 166.595um
 205.660um 165.615um 205.960um 166.595um
 196.275um 157.565um 196.575um 158.545um
 205.660um 157.565um 205.960um 158.545um
 196.275um 149.515um 196.575um 150.495um
 205.660um 149.515um 205.960um 150.495um
 196.275um 141.465um 196.575um 142.445um
 205.660um 141.465um 205.960um 142.445um
 194.960um 137.300um 196.280um 137.600um
 195.470um 133.720um 195.770um 134.360um
 197.300um 126.555um 197.600um 127.535um
 206.685um 126.555um 206.985um 127.535um
 197.300um 119.465um 197.600um 120.445um
 197.300um 118.205um 197.600um 119.185um
 206.685um 119.465um 206.985um 120.445um
 206.685um 118.205um 206.985um 119.185um
 387.200um 124.720um 387.500um 125.360um
 391.730um 124.720um 392.030um 125.360um
 197.300um 111.115um 197.600um 112.095um
 197.300um 109.855um 197.600um 110.835um
 206.685um 111.115um 206.985um 112.095um
 206.685um 109.855um 206.985um 110.835um
 197.300um 102.765um 197.600um 103.745um
 197.300um 101.505um 197.600um 102.485um
 206.685um 102.765um 206.985um 103.745um
 206.685um 101.505um 206.985um 102.485um
 197.300um 94.415um 197.600um 95.395um
 206.685um 94.415um 206.985um 95.395um
 197.300um 88.555um 197.600um 89.535um
 206.685um 88.555um 206.985um 89.535um
 197.300um 81.465um 197.600um 82.445um
 197.300um 80.205um 197.600um 81.185um
 206.685um 81.465um 206.985um 82.445um
 206.685um 80.205um 206.985um 81.185um
 197.300um 73.115um 197.600um 74.095um
 197.300um 71.855um 197.600um 72.835um
 206.685um 73.115um 206.985um 74.095um
 206.685um 71.855um 206.985um 72.835um
 197.300um 64.765um 197.600um 65.745um
 197.300um 63.505um 197.600um 64.485um
 206.685um 64.765um 206.985um 65.745um
 206.685um 63.505um 206.985um 64.485um
 197.300um 56.415um 197.600um 57.395um
 206.685um 56.415um 206.985um 57.395um
 197.300um 50.555um 197.600um 51.535um
 206.685um 50.555um 206.985um 51.535um
 197.300um 43.465um 197.600um 44.445um
 197.300um 42.205um 197.600um 43.185um
 206.685um 43.465um 206.985um 44.445um
 206.685um 42.205um 206.985um 43.185um
 197.300um 35.115um 197.600um 36.095um
 197.300um 33.855um 197.600um 34.835um
 206.685um 35.115um 206.985um 36.095um
 206.685um 33.855um 206.985um 34.835um
 197.300um 26.765um 197.600um 27.745um
 197.300um 25.505um 197.600um 26.485um
 206.685um 26.765um 206.985um 27.745um
 206.685um 25.505um 206.985um 26.485um
 197.300um 18.415um 197.600um 19.395um
 206.685um 18.415um 206.985um 19.395um
----------------------------------------
N-Diffusion spacing to N-well < 62 (NW.d)
----------------------------------------
 194.110um 177.980um 195.400um 178.160um
 194.110um 177.850um 194.290um 177.980um
 198.035um 177.980um 205.105um 178.160um
 198.035um 177.850um 198.215um 177.980um
 195.530um 177.550um 195.710um 177.620um
 195.530um 177.620um 195.710um 177.780um
 195.400um 177.980um 195.710um 178.160um
 195.530um 177.780um 195.710um 177.980um
 205.235um 177.550um 205.415um 177.620um
 205.235um 177.620um 205.415um 177.780um
 205.105um 177.980um 205.415um 178.160um
 205.235um 177.780um 205.415um 177.980um
 194.110um 169.930um 195.400um 170.110um
 194.110um 169.800um 194.290um 169.930um
 198.035um 169.930um 205.105um 170.110um
 198.035um 169.800um 198.215um 169.930um
 195.530um 169.500um 195.710um 169.570um
 195.530um 169.570um 195.710um 169.730um
 195.400um 169.930um 195.710um 170.110um
 195.530um 169.730um 195.710um 169.930um
 205.235um 169.500um 205.415um 169.570um
 205.235um 169.570um 205.415um 169.730um
 205.105um 169.930um 205.415um 170.110um
 205.235um 169.730um 205.415um 169.930um
 194.110um 161.880um 195.400um 162.060um
 194.110um 161.750um 194.290um 161.880um
 198.035um 161.880um 205.105um 162.060um
 198.035um 161.750um 198.215um 161.880um
 195.530um 161.450um 195.710um 161.520um
 195.530um 161.520um 195.710um 161.680um
 195.400um 161.880um 195.710um 162.060um
 195.530um 161.680um 195.710um 161.880um
 205.235um 161.450um 205.415um 161.520um
 205.235um 161.520um 205.415um 161.680um
 205.105um 161.880um 205.415um 162.060um
 205.235um 161.680um 205.415um 161.880um
 194.110um 153.830um 195.400um 154.010um
 194.110um 153.700um 194.290um 153.830um
 198.035um 153.830um 205.105um 154.010um
 198.035um 153.700um 198.215um 153.830um
 195.530um 153.400um 195.710um 153.470um
 195.530um 153.470um 195.710um 153.630um
 195.400um 153.830um 195.710um 154.010um
 195.530um 153.630um 195.710um 153.830um
 205.235um 153.400um 205.415um 153.470um
 205.235um 153.470um 205.415um 153.630um
 205.105um 153.830um 205.415um 154.010um
 205.235um 153.630um 205.415um 153.830um
 194.110um 145.780um 195.400um 145.960um
 194.110um 145.650um 194.290um 145.780um
 198.035um 145.780um 205.105um 145.960um
 198.035um 145.650um 198.215um 145.780um
 195.530um 145.350um 195.710um 145.420um
 195.530um 145.420um 195.710um 145.580um
 195.400um 145.780um 195.710um 145.960um
 195.530um 145.580um 195.710um 145.780um
 205.235um 145.350um 205.415um 145.420um
 205.235um 145.420um 205.415um 145.580um
 205.105um 145.780um 205.415um 145.960um
 205.235um 145.580um 205.415um 145.780um
 387.340um 128.880um 391.690um 129.060um
 387.340um 128.750um 387.520um 128.880um
 391.820um 128.450um 392.000um 128.520um
 391.820um 128.520um 392.000um 128.680um
 391.690um 128.880um 392.000um 129.060um
 391.820um 128.680um 392.000um 128.880um
 194.345um 123.780um 196.315um 123.960um
 194.345um 123.650um 194.525um 123.780um
 199.060um 123.780um 206.130um 123.960um
 199.060um 123.650um 199.240um 123.780um
 196.445um 123.350um 196.625um 123.420um
 196.445um 123.420um 196.625um 123.580um
 196.315um 123.780um 196.625um 123.960um
 196.445um 123.580um 196.625um 123.780um
 206.260um 123.350um 206.440um 123.420um
 206.260um 123.420um 206.440um 123.580um
 206.130um 123.780um 206.440um 123.960um
 206.260um 123.580um 206.440um 123.780um
 251.960um 117.975um 253.930um 118.155um
 251.960um 117.845um 252.140um 117.975um
 254.060um 117.545um 254.240um 117.615um
 254.060um 117.615um 254.240um 117.775um
 253.930um 117.975um 254.240um 118.155um
 254.060um 117.775um 254.240um 117.975um
 194.345um 115.430um 196.315um 115.610um
 194.345um 115.300um 194.525um 115.430um
 199.060um 115.430um 206.130um 115.610um
 199.060um 115.300um 199.240um 115.430um
 196.445um 115.000um 196.625um 115.070um
 196.445um 115.070um 196.625um 115.230um
 196.315um 115.430um 196.625um 115.610um
 196.445um 115.230um 196.625um 115.430um
 206.260um 115.000um 206.440um 115.070um
 206.260um 115.070um 206.440um 115.230um
 206.130um 115.430um 206.440um 115.610um
 206.260um 115.230um 206.440um 115.430um
 194.345um 107.080um 196.315um 107.260um
 194.345um 106.950um 194.525um 107.080um
 199.060um 107.080um 206.130um 107.260um
 199.060um 106.950um 199.240um 107.080um
 196.445um 106.650um 196.625um 106.720um
 196.445um 106.720um 196.625um 106.880um
 196.315um 107.080um 196.625um 107.260um
 196.445um 106.880um 196.625um 107.080um
 206.260um 106.650um 206.440um 106.720um
 206.260um 106.720um 206.440um 106.880um
 206.130um 107.080um 206.440um 107.260um
 206.260um 106.880um 206.440um 107.080um
 194.345um 98.730um 196.315um 98.910um
 194.345um 98.600um 194.525um 98.730um
 199.060um 98.730um 206.130um 98.910um
 199.060um 98.600um 199.240um 98.730um
 196.445um 98.300um 196.625um 98.370um
 196.445um 98.370um 196.625um 98.530um
 196.315um 98.730um 196.625um 98.910um
 196.445um 98.530um 196.625um 98.730um
 206.260um 98.300um 206.440um 98.370um
 206.260um 98.370um 206.440um 98.530um
 206.130um 98.730um 206.440um 98.910um
 206.260um 98.530um 206.440um 98.730um
 194.345um 85.780um 196.315um 85.960um
 194.345um 85.650um 194.525um 85.780um
 199.060um 85.780um 206.130um 85.960um
 199.060um 85.650um 199.240um 85.780um
 196.445um 85.350um 196.625um 85.420um
 196.445um 85.420um 196.625um 85.580um
 196.315um 85.780um 196.625um 85.960um
 196.445um 85.580um 196.625um 85.780um
 206.260um 85.350um 206.440um 85.420um
 206.260um 85.420um 206.440um 85.580um
 206.130um 85.780um 206.440um 85.960um
 206.260um 85.580um 206.440um 85.780um
 251.960um 79.975um 253.930um 80.155um
 251.960um 79.845um 252.140um 79.975um
 254.060um 79.545um 254.240um 79.615um
 254.060um 79.615um 254.240um 79.775um
 253.930um 79.975um 254.240um 80.155um
 254.060um 79.775um 254.240um 79.975um
 194.345um 77.430um 196.315um 77.610um
 194.345um 77.300um 194.525um 77.430um
 199.060um 77.430um 206.130um 77.610um
 199.060um 77.300um 199.240um 77.430um
 196.445um 77.000um 196.625um 77.070um
 196.445um 77.070um 196.625um 77.230um
 196.315um 77.430um 196.625um 77.610um
 196.445um 77.230um 196.625um 77.430um
 206.260um 77.000um 206.440um 77.070um
 206.260um 77.070um 206.440um 77.230um
 206.130um 77.430um 206.440um 77.610um
 206.260um 77.230um 206.440um 77.430um
 194.345um 69.080um 196.315um 69.260um
 194.345um 68.950um 194.525um 69.080um
 199.060um 69.080um 206.130um 69.260um
 199.060um 68.950um 199.240um 69.080um
 196.445um 68.650um 196.625um 68.720um
 196.445um 68.720um 196.625um 68.880um
 196.315um 69.080um 196.625um 69.260um
 196.445um 68.880um 196.625um 69.080um
 206.260um 68.650um 206.440um 68.720um
 206.260um 68.720um 206.440um 68.880um
 206.130um 69.080um 206.440um 69.260um
 206.260um 68.880um 206.440um 69.080um
 194.345um 60.730um 196.315um 60.910um
 194.345um 60.600um 194.525um 60.730um
 199.060um 60.730um 206.130um 60.910um
 199.060um 60.600um 199.240um 60.730um
 196.445um 60.300um 196.625um 60.370um
 196.445um 60.370um 196.625um 60.530um
 196.315um 60.730um 196.625um 60.910um
 196.445um 60.530um 196.625um 60.730um
 206.260um 60.300um 206.440um 60.370um
 206.260um 60.370um 206.440um 60.530um
 206.130um 60.730um 206.440um 60.910um
 206.260um 60.530um 206.440um 60.730um
 194.345um 47.780um 196.315um 47.960um
 194.345um 47.650um 194.525um 47.780um
 199.060um 47.780um 206.130um 47.960um
 199.060um 47.650um 199.240um 47.780um
 196.445um 47.350um 196.625um 47.420um
 196.445um 47.420um 196.625um 47.580um
 196.315um 47.780um 196.625um 47.960um
 196.445um 47.580um 196.625um 47.780um
 206.260um 47.350um 206.440um 47.420um
 206.260um 47.420um 206.440um 47.580um
 206.130um 47.780um 206.440um 47.960um
 206.260um 47.580um 206.440um 47.780um
 251.960um 41.975um 253.930um 42.155um
 251.960um 41.845um 252.140um 41.975um
 254.060um 41.545um 254.240um 41.615um
 254.060um 41.615um 254.240um 41.775um
 253.930um 41.975um 254.240um 42.155um
 254.060um 41.775um 254.240um 41.975um
 194.345um 39.430um 196.315um 39.610um
 194.345um 39.300um 194.525um 39.430um
 199.060um 39.430um 206.130um 39.610um
 199.060um 39.300um 199.240um 39.430um
 196.445um 39.000um 196.625um 39.070um
 196.445um 39.070um 196.625um 39.230um
 196.315um 39.430um 196.625um 39.610um
 196.445um 39.230um 196.625um 39.430um
 206.260um 39.000um 206.440um 39.070um
 206.260um 39.070um 206.440um 39.230um
 206.130um 39.430um 206.440um 39.610um
 206.260um 39.230um 206.440um 39.430um
 194.345um 31.080um 196.315um 31.260um
 194.345um 30.950um 194.525um 31.080um
 199.060um 31.080um 206.130um 31.260um
 199.060um 30.950um 199.240um 31.080um
 196.445um 30.650um 196.625um 30.720um
 196.445um 30.720um 196.625um 30.880um
 196.315um 31.080um 196.625um 31.260um
 196.445um 30.880um 196.625um 31.080um
 206.260um 30.650um 206.440um 30.720um
 206.260um 30.720um 206.440um 30.880um
 206.130um 31.080um 206.440um 31.260um
 206.260um 30.880um 206.440um 31.080um
 194.345um 22.730um 196.315um 22.910um
 194.345um 22.600um 194.525um 22.730um
 199.060um 22.730um 206.130um 22.910um
 199.060um 22.600um 199.240um 22.730um
 196.445um 22.300um 196.625um 22.370um
 196.445um 22.370um 196.625um 22.530um
 196.315um 22.730um 196.625um 22.910um
 196.445um 22.530um 196.625um 22.730um
 206.260um 22.300um 206.440um 22.370um
 206.260um 22.370um 206.440um 22.530um
 206.130um 22.730um 206.440um 22.910um
 206.260um 22.530um 206.440um 22.730um
----------------------------------------
Diff tap length < 0.30um (pSD.e/f)
----------------------------------------
 197.170um 120.445um 197.730um 120.575um
 197.170um 119.465um 197.300um 120.445um
 197.600um 119.465um 197.730um 120.445um
 197.170um 119.335um 197.730um 119.465um
 206.555um 120.445um 207.115um 120.575um
 206.555um 119.465um 206.685um 120.445um
 206.985um 119.465um 207.115um 120.445um
 206.555um 119.335um 207.115um 119.465um
 197.170um 119.185um 197.730um 119.315um
 197.170um 118.205um 197.300um 119.185um
 197.600um 118.205um 197.730um 119.185um
 197.170um 118.075um 197.730um 118.205um
 206.555um 119.185um 207.115um 119.315um
 206.555um 118.205um 206.685um 119.185um
 206.985um 118.205um 207.115um 119.185um
 206.555um 118.075um 207.115um 118.205um
 197.170um 112.095um 197.730um 112.225um
 197.170um 111.115um 197.300um 112.095um
 197.600um 111.115um 197.730um 112.095um
 197.170um 110.985um 197.730um 111.115um
 206.555um 112.095um 207.115um 112.225um
 206.555um 111.115um 206.685um 112.095um
 206.985um 111.115um 207.115um 112.095um
 206.555um 110.985um 207.115um 111.115um
 197.170um 110.835um 197.730um 110.965um
 197.170um 109.855um 197.300um 110.835um
 197.600um 109.855um 197.730um 110.835um
 197.170um 109.725um 197.730um 109.855um
 206.555um 110.835um 207.115um 110.965um
 206.555um 109.855um 206.685um 110.835um
 206.985um 109.855um 207.115um 110.835um
 206.555um 109.725um 207.115um 109.855um
 197.170um 103.745um 197.730um 103.875um
 197.170um 102.765um 197.300um 103.745um
 197.600um 102.765um 197.730um 103.745um
 197.170um 102.635um 197.730um 102.765um
 206.555um 103.745um 207.115um 103.875um
 206.555um 102.765um 206.685um 103.745um
 206.985um 102.765um 207.115um 103.745um
 206.555um 102.635um 207.115um 102.765um
 197.170um 102.485um 197.730um 102.615um
 197.170um 101.505um 197.300um 102.485um
 197.600um 101.505um 197.730um 102.485um
 197.170um 101.375um 197.730um 101.505um
 206.555um 102.485um 207.115um 102.615um
 206.555um 101.505um 206.685um 102.485um
 206.985um 101.505um 207.115um 102.485um
 206.555um 101.375um 207.115um 101.505um
 197.170um 82.445um 197.730um 82.575um
 197.170um 81.465um 197.300um 82.445um
 197.600um 81.465um 197.730um 82.445um
 197.170um 81.335um 197.730um 81.465um
 206.555um 82.445um 207.115um 82.575um
 206.555um 81.465um 206.685um 82.445um
 206.985um 81.465um 207.115um 82.445um
 206.555um 81.335um 207.115um 81.465um
 197.170um 81.185um 197.730um 81.315um
 197.170um 80.205um 197.300um 81.185um
 197.600um 80.205um 197.730um 81.185um
 197.170um 80.075um 197.730um 80.205um
 206.555um 81.185um 207.115um 81.315um
 206.555um 80.205um 206.685um 81.185um
 206.985um 80.205um 207.115um 81.185um
 206.555um 80.075um 207.115um 80.205um
 197.170um 74.095um 197.730um 74.225um
 197.170um 73.115um 197.300um 74.095um
 197.600um 73.115um 197.730um 74.095um
 197.170um 72.985um 197.730um 73.115um
 206.555um 74.095um 207.115um 74.225um
 206.555um 73.115um 206.685um 74.095um
 206.985um 73.115um 207.115um 74.095um
 206.555um 72.985um 207.115um 73.115um
 197.170um 72.835um 197.730um 72.965um
 197.170um 71.855um 197.300um 72.835um
 197.600um 71.855um 197.730um 72.835um
 197.170um 71.725um 197.730um 71.855um
 206.555um 72.835um 207.115um 72.965um
 206.555um 71.855um 206.685um 72.835um
 206.985um 71.855um 207.115um 72.835um
 206.555um 71.725um 207.115um 71.855um
 197.170um 65.745um 197.730um 65.875um
 197.170um 64.765um 197.300um 65.745um
 197.600um 64.765um 197.730um 65.745um
 197.170um 64.635um 197.730um 64.765um
 206.555um 65.745um 207.115um 65.875um
 206.555um 64.765um 206.685um 65.745um
 206.985um 64.765um 207.115um 65.745um
 206.555um 64.635um 207.115um 64.765um
 197.170um 64.485um 197.730um 64.615um
 197.170um 63.505um 197.300um 64.485um
 197.600um 63.505um 197.730um 64.485um
 197.170um 63.375um 197.730um 63.505um
 206.555um 64.485um 207.115um 64.615um
 206.555um 63.505um 206.685um 64.485um
 206.985um 63.505um 207.115um 64.485um
 206.555um 63.375um 207.115um 63.505um
 197.170um 44.445um 197.730um 44.575um
 197.170um 43.465um 197.300um 44.445um
 197.600um 43.465um 197.730um 44.445um
 197.170um 43.335um 197.730um 43.465um
 206.555um 44.445um 207.115um 44.575um
 206.555um 43.465um 206.685um 44.445um
 206.985um 43.465um 207.115um 44.445um
 206.555um 43.335um 207.115um 43.465um
 197.170um 43.185um 197.730um 43.315um
 197.170um 42.205um 197.300um 43.185um
 197.600um 42.205um 197.730um 43.185um
 197.170um 42.075um 197.730um 42.205um
 206.555um 43.185um 207.115um 43.315um
 206.555um 42.205um 206.685um 43.185um
 206.985um 42.205um 207.115um 43.185um
 206.555um 42.075um 207.115um 42.205um
 197.170um 36.095um 197.730um 36.225um
 197.170um 35.115um 197.300um 36.095um
 197.600um 35.115um 197.730um 36.095um
 197.170um 34.985um 197.730um 35.115um
 206.555um 36.095um 207.115um 36.225um
 206.555um 35.115um 206.685um 36.095um
 206.985um 35.115um 207.115um 36.095um
 206.555um 34.985um 207.115um 35.115um
 197.170um 34.835um 197.730um 34.965um
 197.170um 33.855um 197.300um 34.835um
 197.600um 33.855um 197.730um 34.835um
 197.170um 33.725um 197.730um 33.855um
 206.555um 34.835um 207.115um 34.965um
 206.555um 33.855um 206.685um 34.835um
 206.985um 33.855um 207.115um 34.835um
 206.555um 33.725um 207.115um 33.855um
 197.170um 27.745um 197.730um 27.875um
 197.170um 26.765um 197.300um 27.745um
 197.600um 26.765um 197.730um 27.745um
 197.170um 26.635um 197.730um 26.765um
 206.555um 27.745um 207.115um 27.875um
 206.555um 26.765um 206.685um 27.745um
 206.985um 26.765um 207.115um 27.745um
 206.555um 26.635um 207.115um 26.765um
 197.170um 26.485um 197.730um 26.615um
 197.170um 25.505um 197.300um 26.485um
 197.600um 25.505um 197.730um 26.485um
 197.170um 25.375um 197.730um 25.505um
 206.555um 26.485um 207.115um 26.615um
 206.555um 25.505um 206.685um 26.485um
 206.985um 25.505um 207.115um 26.485um
 206.555um 25.375um 207.115um 25.505um
----------------------------------------
Extension of tie diffusion beyond tie contact < 6.0um (LU.d, LU.d1)
----------------------------------------
 196.145um 174.645um 196.705um 174.775um
 196.145um 173.665um 196.275um 174.645um
 196.575um 173.665um 196.705um 174.645um
 196.145um 173.535um 196.705um 173.665um
 205.530um 174.645um 206.090um 174.775um
 205.530um 173.665um 205.660um 174.645um
 205.960um 173.665um 206.090um 174.645um
 205.530um 173.535um 206.090um 173.665um
 196.145um 166.595um 196.705um 166.725um
 196.145um 165.615um 196.275um 166.595um
 196.575um 165.615um 196.705um 166.595um
 196.145um 165.485um 196.705um 165.615um
 205.530um 166.595um 206.090um 166.725um
 205.530um 165.615um 205.660um 166.595um
 205.960um 165.615um 206.090um 166.595um
 205.530um 165.485um 206.090um 165.615um
 196.145um 158.545um 196.705um 158.675um
 196.145um 157.565um 196.275um 158.545um
 196.575um 157.565um 196.705um 158.545um
 196.145um 157.435um 196.705um 157.565um
 205.530um 158.545um 206.090um 158.675um
 205.530um 157.565um 205.660um 158.545um
 205.960um 157.565um 206.090um 158.545um
 205.530um 157.435um 206.090um 157.565um
 196.145um 150.495um 196.705um 150.625um
 196.145um 149.515um 196.275um 150.495um
 196.575um 149.515um 196.705um 150.495um
 196.145um 149.385um 196.705um 149.515um
 205.530um 150.495um 206.090um 150.625um
 205.530um 149.515um 205.660um 150.495um
 205.960um 149.515um 206.090um 150.495um
 205.530um 149.385um 206.090um 149.515um
 196.145um 142.445um 196.705um 142.575um
 196.145um 141.465um 196.275um 142.445um
 196.575um 141.465um 196.705um 142.445um
 196.145um 141.335um 196.705um 141.465um
 205.530um 142.445um 206.090um 142.575um
 205.530um 141.465um 205.660um 142.445um
 205.960um 141.465um 206.090um 142.445um
 205.530um 141.335um 206.090um 141.465um
 194.840um 137.300um 194.960um 137.600um
 196.280um 137.300um 196.370um 137.600um
 195.340um 134.360um 195.900um 134.490um
 195.340um 133.720um 195.470um 134.360um
 195.770um 133.720um 195.900um 134.360um
 195.340um 133.590um 195.900um 133.720um
 197.170um 127.535um 197.730um 127.665um
 197.170um 126.555um 197.300um 127.535um
 197.600um 126.555um 197.730um 127.535um
 197.170um 126.425um 197.730um 126.555um
 206.555um 127.535um 207.115um 127.665um
 206.555um 126.555um 206.685um 127.535um
 206.985um 126.555um 207.115um 127.535um
 206.555um 126.425um 207.115um 126.555um
 387.070um 125.360um 387.630um 125.490um
 387.070um 124.720um 387.200um 125.360um
 387.500um 124.720um 387.630um 125.360um
 387.070um 124.590um 387.630um 124.720um
 391.600um 125.360um 392.160um 125.490um
 391.600um 124.720um 391.730um 125.360um
 392.030um 124.720um 392.160um 125.360um
 391.600um 124.590um 392.160um 124.720um
 197.170um 120.445um 197.730um 120.575um
 197.170um 119.465um 197.300um 120.445um
 197.600um 119.465um 197.730um 120.445um
 197.170um 119.335um 197.730um 119.465um
 206.555um 120.445um 207.115um 120.575um
 206.555um 119.465um 206.685um 120.445um
 206.985um 119.465um 207.115um 120.445um
 206.555um 119.335um 207.115um 119.465um
 197.170um 119.185um 197.730um 119.315um
 197.170um 118.205um 197.300um 119.185um
 197.600um 118.205um 197.730um 119.185um
 197.170um 118.075um 197.730um 118.205um
 206.555um 119.185um 207.115um 119.315um
 206.555um 118.205um 206.685um 119.185um
 206.985um 118.205um 207.115um 119.185um
 206.555um 118.075um 207.115um 118.205um
 197.170um 112.095um 197.730um 112.225um
 197.170um 111.115um 197.300um 112.095um
 197.600um 111.115um 197.730um 112.095um
 197.170um 110.985um 197.730um 111.115um
 206.555um 112.095um 207.115um 112.225um
 206.555um 111.115um 206.685um 112.095um
 206.985um 111.115um 207.115um 112.095um
 206.555um 110.985um 207.115um 111.115um
 197.170um 110.835um 197.730um 110.965um
 197.170um 109.855um 197.300um 110.835um
 197.600um 109.855um 197.730um 110.835um
 197.170um 109.725um 197.730um 109.855um
 206.555um 110.835um 207.115um 110.965um
 206.555um 109.855um 206.685um 110.835um
 206.985um 109.855um 207.115um 110.835um
 206.555um 109.725um 207.115um 109.855um
 197.170um 103.745um 197.730um 103.875um
 197.170um 102.765um 197.300um 103.745um
 197.600um 102.765um 197.730um 103.745um
 197.170um 102.635um 197.730um 102.765um
 206.555um 103.745um 207.115um 103.875um
 206.555um 102.765um 206.685um 103.745um
 206.985um 102.765um 207.115um 103.745um
 206.555um 102.635um 207.115um 102.765um
 197.170um 102.485um 197.730um 102.615um
 197.170um 101.505um 197.300um 102.485um
 197.600um 101.505um 197.730um 102.485um
 197.170um 101.375um 197.730um 101.505um
 206.555um 102.485um 207.115um 102.615um
 206.555um 101.505um 206.685um 102.485um
 206.985um 101.505um 207.115um 102.485um
 206.555um 101.375um 207.115um 101.505um
 197.170um 95.395um 197.730um 95.525um
 197.170um 94.415um 197.300um 95.395um
 197.600um 94.415um 197.730um 95.395um
 197.170um 94.285um 197.730um 94.415um
 206.555um 95.395um 207.115um 95.525um
 206.555um 94.415um 206.685um 95.395um
 206.985um 94.415um 207.115um 95.395um
 206.555um 94.285um 207.115um 94.415um
 197.170um 89.535um 197.730um 89.665um
 197.170um 88.555um 197.300um 89.535um
 197.600um 88.555um 197.730um 89.535um
 197.170um 88.425um 197.730um 88.555um
 206.555um 89.535um 207.115um 89.665um
 206.555um 88.555um 206.685um 89.535um
 206.985um 88.555um 207.115um 89.535um
 206.555um 88.425um 207.115um 88.555um
 197.170um 82.445um 197.730um 82.575um
 197.170um 81.465um 197.300um 82.445um
 197.600um 81.465um 197.730um 82.445um
 197.170um 81.335um 197.730um 81.465um
 206.555um 82.445um 207.115um 82.575um
 206.555um 81.465um 206.685um 82.445um
 206.985um 81.465um 207.115um 82.445um
 206.555um 81.335um 207.115um 81.465um
 197.170um 81.185um 197.730um 81.315um
 197.170um 80.205um 197.300um 81.185um
 197.600um 80.205um 197.730um 81.185um
 197.170um 80.075um 197.730um 80.205um
 206.555um 81.185um 207.115um 81.315um
 206.555um 80.205um 206.685um 81.185um
 206.985um 80.205um 207.115um 81.185um
 206.555um 80.075um 207.115um 80.205um
 197.170um 74.095um 197.730um 74.225um
 197.170um 73.115um 197.300um 74.095um
 197.600um 73.115um 197.730um 74.095um
 197.170um 72.985um 197.730um 73.115um
 206.555um 74.095um 207.115um 74.225um
 206.555um 73.115um 206.685um 74.095um
 206.985um 73.115um 207.115um 74.095um
 206.555um 72.985um 207.115um 73.115um
 197.170um 72.835um 197.730um 72.965um
 197.170um 71.855um 197.300um 72.835um
 197.600um 71.855um 197.730um 72.835um
 197.170um 71.725um 197.730um 71.855um
 206.555um 72.835um 207.115um 72.965um
 206.555um 71.855um 206.685um 72.835um
 206.985um 71.855um 207.115um 72.835um
 206.555um 71.725um 207.115um 71.855um
 197.170um 65.745um 197.730um 65.875um
 197.170um 64.765um 197.300um 65.745um
 197.600um 64.765um 197.730um 65.745um
 197.170um 64.635um 197.730um 64.765um
 206.555um 65.745um 207.115um 65.875um
 206.555um 64.765um 206.685um 65.745um
 206.985um 64.765um 207.115um 65.745um
 206.555um 64.635um 207.115um 64.765um
 197.170um 64.485um 197.730um 64.615um
 197.170um 63.505um 197.300um 64.485um
 197.600um 63.505um 197.730um 64.485um
 197.170um 63.375um 197.730um 63.505um
 206.555um 64.485um 207.115um 64.615um
 206.555um 63.505um 206.685um 64.485um
 206.985um 63.505um 207.115um 64.485um
 206.555um 63.375um 207.115um 63.505um
 197.170um 57.395um 197.730um 57.525um
 197.170um 56.415um 197.300um 57.395um
 197.600um 56.415um 197.730um 57.395um
 197.170um 56.285um 197.730um 56.415um
 206.555um 57.395um 207.115um 57.525um
 206.555um 56.415um 206.685um 57.395um
 206.985um 56.415um 207.115um 57.395um
 206.555um 56.285um 207.115um 56.415um
 197.170um 51.535um 197.730um 51.665um
 197.170um 50.555um 197.300um 51.535um
 197.600um 50.555um 197.730um 51.535um
 197.170um 50.425um 197.730um 50.555um
 206.555um 51.535um 207.115um 51.665um
 206.555um 50.555um 206.685um 51.535um
 206.985um 50.555um 207.115um 51.535um
 206.555um 50.425um 207.115um 50.555um
 197.170um 44.445um 197.730um 44.575um
 197.170um 43.465um 197.300um 44.445um
 197.600um 43.465um 197.730um 44.445um
 197.170um 43.335um 197.730um 43.465um
 206.555um 44.445um 207.115um 44.575um
 206.555um 43.465um 206.685um 44.445um
 206.985um 43.465um 207.115um 44.445um
 206.555um 43.335um 207.115um 43.465um
 197.170um 43.185um 197.730um 43.315um
 197.170um 42.205um 197.300um 43.185um
 197.600um 42.205um 197.730um 43.185um
 197.170um 42.075um 197.730um 42.205um
 206.555um 43.185um 207.115um 43.315um
 206.555um 42.205um 206.685um 43.185um
 206.985um 42.205um 207.115um 43.185um
 206.555um 42.075um 207.115um 42.205um
 197.170um 36.095um 197.730um 36.225um
 197.170um 35.115um 197.300um 36.095um
 197.600um 35.115um 197.730um 36.095um
 197.170um 34.985um 197.730um 35.115um
 206.555um 36.095um 207.115um 36.225um
 206.555um 35.115um 206.685um 36.095um
 206.985um 35.115um 207.115um 36.095um
 206.555um 34.985um 207.115um 35.115um
 197.170um 34.835um 197.730um 34.965um
 197.170um 33.855um 197.300um 34.835um
 197.600um 33.855um 197.730um 34.835um
 197.170um 33.725um 197.730um 33.855um
 206.555um 34.835um 207.115um 34.965um
 206.555um 33.855um 206.685um 34.835um
 206.985um 33.855um 207.115um 34.835um
 206.555um 33.725um 207.115um 33.855um
 197.170um 27.745um 197.730um 27.875um
 197.170um 26.765um 197.300um 27.745um
 197.600um 26.765um 197.730um 27.745um
 197.170um 26.635um 197.730um 26.765um
 206.555um 27.745um 207.115um 27.875um
 206.555um 26.765um 206.685um 27.745um
 206.985um 26.765um 207.115um 27.745um
 206.555um 26.635um 207.115um 26.765um
 197.170um 26.485um 197.730um 26.615um
 197.170um 25.505um 197.300um 26.485um
 197.600um 25.505um 197.730um 26.485um
 197.170um 25.375um 197.730um 25.505um
 206.555um 26.485um 207.115um 26.615um
 206.555um 25.505um 206.685um 26.485um
 206.985um 25.505um 207.115um 26.485um
 206.555um 25.375um 207.115um 25.505um
 197.170um 19.395um 197.730um 19.525um
 197.170um 18.415um 197.300um 19.395um
 197.600um 18.415um 197.730um 19.395um
 197.170um 18.285um 197.730um 18.415um
 206.555um 19.395um 207.115um 19.525um
 206.555um 18.415um 206.685um 19.395um
 206.985um 18.415um 207.115um 19.395um
 206.555um 18.285um 207.115um 18.415um
----------------------------------------
P-diff distance to N-tap must be < 20.0um (LU.a)
----------------------------------------
 194.310um 176.850um 194.610um 177.190um
 195.210um 176.850um 195.510um 177.190um
 198.240um 176.850um 198.540um 177.190um
 199.340um 176.850um 199.640um 177.190um
 200.440um 176.850um 201.040um 177.190um
 201.840um 176.850um 202.440um 177.190um
 203.240um 176.850um 203.840um 177.190um
 204.640um 176.850um 205.240um 177.190um
 194.310um 176.380um 194.610um 176.720um
 195.210um 176.380um 195.510um 176.720um
 198.240um 176.060um 198.540um 176.400um
 199.340um 176.060um 199.640um 176.400um
 200.440um 176.060um 201.040um 176.400um
 201.840um 176.060um 202.440um 176.400um
 203.240um 176.060um 203.840um 176.400um
 204.640um 176.060um 205.240um 176.400um
 194.310um 168.800um 194.610um 169.140um
 195.210um 168.800um 195.510um 169.140um
 198.240um 168.800um 198.540um 169.140um
 199.340um 168.800um 199.640um 169.140um
 200.440um 168.800um 201.040um 169.140um
 201.840um 168.800um 202.440um 169.140um
 203.240um 168.800um 203.840um 169.140um
 204.640um 168.800um 205.240um 169.140um
 194.310um 168.330um 194.610um 168.670um
 195.210um 168.330um 195.510um 168.670um
 198.240um 168.010um 198.540um 168.350um
 199.340um 168.010um 199.640um 168.350um
 200.440um 168.010um 201.040um 168.350um
 201.840um 168.010um 202.440um 168.350um
 203.240um 168.010um 203.840um 168.350um
 204.640um 168.010um 205.240um 168.350um
 194.310um 160.750um 194.610um 161.090um
 195.210um 160.750um 195.510um 161.090um
 198.240um 160.750um 198.540um 161.090um
 199.340um 160.750um 199.640um 161.090um
 200.440um 160.750um 201.040um 161.090um
 201.840um 160.750um 202.440um 161.090um
 203.240um 160.750um 203.840um 161.090um
 204.640um 160.750um 205.240um 161.090um
 194.310um 160.280um 194.610um 160.620um
 195.210um 160.280um 195.510um 160.620um
 198.240um 159.960um 198.540um 160.300um
 199.340um 159.960um 199.640um 160.300um
 200.440um 159.960um 201.040um 160.300um
 201.840um 159.960um 202.440um 160.300um
 203.240um 159.960um 203.840um 160.300um
 204.640um 159.960um 205.240um 160.300um
 194.310um 152.700um 194.610um 153.040um
 195.210um 152.700um 195.510um 153.040um
 198.240um 152.700um 198.540um 153.040um
 199.340um 152.700um 199.640um 153.040um
 200.440um 152.700um 201.040um 153.040um
 201.840um 152.700um 202.440um 153.040um
 203.240um 152.700um 203.840um 153.040um
 204.640um 152.700um 205.240um 153.040um
 194.310um 152.230um 194.610um 152.570um
 195.210um 152.230um 195.510um 152.570um
 198.240um 151.910um 198.540um 152.250um
 199.340um 151.910um 199.640um 152.250um
 200.440um 151.910um 201.040um 152.250um
 201.840um 151.910um 202.440um 152.250um
 203.240um 151.910um 203.840um 152.250um
 204.640um 151.910um 205.240um 152.250um
 194.310um 144.650um 194.610um 144.990um
 195.210um 144.650um 195.510um 144.990um
 198.240um 144.650um 198.540um 144.990um
 199.340um 144.650um 199.640um 144.990um
 200.440um 144.650um 201.040um 144.990um
 201.840um 144.650um 202.440um 144.990um
 203.240um 144.650um 203.840um 144.990um
 204.640um 144.650um 205.240um 144.990um
 194.310um 144.180um 194.610um 144.520um
 195.210um 144.180um 195.510um 144.520um
 198.240um 143.860um 198.540um 144.200um
 199.340um 143.860um 199.640um 144.200um
 200.440um 143.860um 201.040um 144.200um
 201.840um 143.860um 202.440um 144.200um
 203.240um 143.860um 203.840um 144.200um
 204.640um 143.860um 205.240um 144.200um
 194.435um 124.480um 194.735um 124.820um
 195.335um 124.480um 195.635um 124.820um
 196.235um 124.480um 196.535um 124.820um
 199.265um 124.800um 199.565um 125.140um
 200.365um 124.800um 200.665um 125.140um
 201.465um 124.800um 202.065um 125.140um
 202.865um 124.800um 203.465um 125.140um
 204.265um 124.800um 204.865um 125.140um
 205.665um 124.800um 206.265um 125.140um
 194.435um 124.010um 194.735um 124.350um
 195.335um 124.010um 195.635um 124.350um
 196.235um 124.010um 196.535um 124.350um
 199.265um 124.010um 199.565um 124.350um
 200.365um 124.010um 200.665um 124.350um
 201.465um 124.010um 202.065um 124.350um
 202.865um 124.010um 203.465um 124.350um
 204.265um 124.010um 204.865um 124.350um
 205.665um 124.010um 206.265um 124.350um
 194.435um 122.650um 194.735um 122.990um
 195.335um 122.650um 195.635um 122.990um
 196.235um 122.650um 196.535um 122.990um
 199.265um 122.650um 199.565um 122.990um
 200.365um 122.650um 200.665um 122.990um
 201.465um 122.650um 202.065um 122.990um
 202.865um 122.650um 203.465um 122.990um
 204.265um 122.650um 204.865um 122.990um
 205.665um 122.650um 206.265um 122.990um
 194.435um 122.180um 194.735um 122.520um
 195.335um 122.180um 195.635um 122.520um
 196.235um 122.180um 196.535um 122.520um
 199.265um 121.860um 199.565um 122.200um
 200.365um 121.860um 200.665um 122.200um
 201.465um 121.860um 202.065um 122.200um
 202.865um 121.860um 203.465um 122.200um
 204.265um 121.860um 204.865um 122.200um
 205.665um 121.860um 206.265um 122.200um
 251.400um 116.925um 253.400um 117.265um
 254.200um 116.925um 254.800um 117.265um
 194.435um 116.130um 194.735um 116.470um
 195.335um 116.130um 195.635um 116.470um
 196.235um 116.130um 196.535um 116.470um
 199.265um 116.450um 199.565um 116.790um
 200.365um 116.450um 200.665um 116.790um
 201.465um 116.450um 202.065um 116.790um
 202.865um 116.450um 203.465um 116.790um
 204.265um 116.450um 204.865um 116.790um
 205.665um 116.450um 206.265um 116.790um
 251.400um 116.135um 253.400um 116.475um
 254.200um 116.135um 254.800um 116.475um
 194.435um 115.660um 194.735um 116.000um
 195.335um 115.660um 195.635um 116.000um
 196.235um 115.660um 196.535um 116.000um
 199.265um 115.660um 199.565um 116.000um
 200.365um 115.660um 200.665um 116.000um
 201.465um 115.660um 202.065um 116.000um
 202.865um 115.660um 203.465um 116.000um
 204.265um 115.660um 204.865um 116.000um
 205.665um 115.660um 206.265um 116.000um
 194.435um 114.300um 194.735um 114.640um
 195.335um 114.300um 195.635um 114.640um
 196.235um 114.300um 196.535um 114.640um
 199.265um 114.300um 199.565um 114.640um
 200.365um 114.300um 200.665um 114.640um
 201.465um 114.300um 202.065um 114.640um
 202.865um 114.300um 203.465um 114.640um
 204.265um 114.300um 204.865um 114.640um
 205.665um 114.300um 206.265um 114.640um
 194.435um 113.830um 194.735um 114.170um
 195.335um 113.830um 195.635um 114.170um
 196.235um 113.830um 196.535um 114.170um
 199.265um 113.510um 199.565um 113.850um
 200.365um 113.510um 200.665um 113.850um
 201.465um 113.510um 202.065um 113.850um
 202.865um 113.510um 203.465um 113.850um
 204.265um 113.510um 204.865um 113.850um
 205.665um 113.510um 206.265um 113.850um
 194.435um 107.780um 194.735um 108.120um
 195.335um 107.780um 195.635um 108.120um
 196.235um 107.780um 196.535um 108.120um
 199.265um 108.100um 199.565um 108.440um
 200.365um 108.100um 200.665um 108.440um
 201.465um 108.100um 202.065um 108.440um
 202.865um 108.100um 203.465um 108.440um
 204.265um 108.100um 204.865um 108.440um
 205.665um 108.100um 206.265um 108.440um
 194.435um 107.310um 194.735um 107.650um
 195.335um 107.310um 195.635um 107.650um
 196.235um 107.310um 196.535um 107.650um
 199.265um 107.310um 199.565um 107.650um
 200.365um 107.310um 200.665um 107.650um
 201.465um 107.310um 202.065um 107.650um
 202.865um 107.310um 203.465um 107.650um
 204.265um 107.310um 204.865um 107.650um
 205.665um 107.310um 206.265um 107.650um
 194.435um 105.950um 194.735um 106.290um
 195.335um 105.950um 195.635um 106.290um
 196.235um 105.950um 196.535um 106.290um
 199.265um 105.950um 199.565um 106.290um
 200.365um 105.950um 200.665um 106.290um
 201.465um 105.950um 202.065um 106.290um
 202.865um 105.950um 203.465um 106.290um
 204.265um 105.950um 204.865um 106.290um
 205.665um 105.950um 206.265um 106.290um
 194.435um 105.480um 194.735um 105.820um
 195.335um 105.480um 195.635um 105.820um
 196.235um 105.480um 196.535um 105.820um
 199.265um 105.160um 199.565um 105.500um
 200.365um 105.160um 200.665um 105.500um
 201.465um 105.160um 202.065um 105.500um
 202.865um 105.160um 203.465um 105.500um
 204.265um 105.160um 204.865um 105.500um
 205.665um 105.160um 206.265um 105.500um
 194.435um 99.430um 194.735um 99.770um
 195.335um 99.430um 195.635um 99.770um
 196.235um 99.430um 196.535um 99.770um
 199.265um 99.750um 199.565um 100.090um
 200.365um 99.750um 200.665um 100.090um
 201.465um 99.750um 202.065um 100.090um
 202.865um 99.750um 203.465um 100.090um
 204.265um 99.750um 204.865um 100.090um
 205.665um 99.750um 206.265um 100.090um
 194.435um 98.960um 194.735um 99.300um
 195.335um 98.960um 195.635um 99.300um
 196.235um 98.960um 196.535um 99.300um
 199.265um 98.960um 199.565um 99.300um
 200.365um 98.960um 200.665um 99.300um
 201.465um 98.960um 202.065um 99.300um
 202.865um 98.960um 203.465um 99.300um
 204.265um 98.960um 204.865um 99.300um
 205.665um 98.960um 206.265um 99.300um
 194.435um 97.600um 194.735um 97.940um
 195.335um 97.600um 195.635um 97.940um
 196.235um 97.600um 196.535um 97.940um
 199.265um 97.600um 199.565um 97.940um
 200.365um 97.600um 200.665um 97.940um
 201.465um 97.600um 202.065um 97.940um
 202.865um 97.600um 203.465um 97.940um
 204.265um 97.600um 204.865um 97.940um
 205.665um 97.600um 206.265um 97.940um
 194.435um 97.130um 194.735um 97.470um
 195.335um 97.130um 195.635um 97.470um
 196.235um 97.130um 196.535um 97.470um
 199.265um 96.810um 199.565um 97.150um
 200.365um 96.810um 200.665um 97.150um
 201.465um 96.810um 202.065um 97.150um
 202.865um 96.810um 203.465um 97.150um
 204.265um 96.810um 204.865um 97.150um
 205.665um 96.810um 206.265um 97.150um
 194.435um 86.480um 194.735um 86.820um
 195.335um 86.480um 195.635um 86.820um
 196.235um 86.480um 196.535um 86.820um
 199.265um 86.800um 199.565um 87.140um
 200.365um 86.800um 200.665um 87.140um
 201.465um 86.800um 202.065um 87.140um
 202.865um 86.800um 203.465um 87.140um
 204.265um 86.800um 204.865um 87.140um
 205.665um 86.800um 206.265um 87.140um
 194.435um 86.010um 194.735um 86.350um
 195.335um 86.010um 195.635um 86.350um
 196.235um 86.010um 196.535um 86.350um
 199.265um 86.010um 199.565um 86.350um
 200.365um 86.010um 200.665um 86.350um
 201.465um 86.010um 202.065um 86.350um
 202.865um 86.010um 203.465um 86.350um
 204.265um 86.010um 204.865um 86.350um
 205.665um 86.010um 206.265um 86.350um
 194.435um 84.650um 194.735um 84.990um
 195.335um 84.650um 195.635um 84.990um
 196.235um 84.650um 196.535um 84.990um
 199.265um 84.650um 199.565um 84.990um
 200.365um 84.650um 200.665um 84.990um
 201.465um 84.650um 202.065um 84.990um
 202.865um 84.650um 203.465um 84.990um
 204.265um 84.650um 204.865um 84.990um
 205.665um 84.650um 206.265um 84.990um
 194.435um 84.180um 194.735um 84.520um
 195.335um 84.180um 195.635um 84.520um
 196.235um 84.180um 196.535um 84.520um
 199.265um 83.860um 199.565um 84.200um
 200.365um 83.860um 200.665um 84.200um
 201.465um 83.860um 202.065um 84.200um
 202.865um 83.860um 203.465um 84.200um
 204.265um 83.860um 204.865um 84.200um
 205.665um 83.860um 206.265um 84.200um
 251.400um 78.925um 253.400um 79.265um
 254.200um 78.925um 254.800um 79.265um
 194.435um 78.130um 194.735um 78.470um
 195.335um 78.130um 195.635um 78.470um
 196.235um 78.130um 196.535um 78.470um
 199.265um 78.450um 199.565um 78.790um
 200.365um 78.450um 200.665um 78.790um
 201.465um 78.450um 202.065um 78.790um
 202.865um 78.450um 203.465um 78.790um
 204.265um 78.450um 204.865um 78.790um
 205.665um 78.450um 206.265um 78.790um
 251.400um 78.135um 253.400um 78.475um
 254.200um 78.135um 254.800um 78.475um
 194.435um 77.660um 194.735um 78.000um
 195.335um 77.660um 195.635um 78.000um
 196.235um 77.660um 196.535um 78.000um
 199.265um 77.660um 199.565um 78.000um
 200.365um 77.660um 200.665um 78.000um
 201.465um 77.660um 202.065um 78.000um
 202.865um 77.660um 203.465um 78.000um
 204.265um 77.660um 204.865um 78.000um
 205.665um 77.660um 206.265um 78.000um
 194.435um 76.300um 194.735um 76.640um
 195.335um 76.300um 195.635um 76.640um
 196.235um 76.300um 196.535um 76.640um
 199.265um 76.300um 199.565um 76.640um
 200.365um 76.300um 200.665um 76.640um
 201.465um 76.300um 202.065um 76.640um
 202.865um 76.300um 203.465um 76.640um
 204.265um 76.300um 204.865um 76.640um
 205.665um 76.300um 206.265um 76.640um
 194.435um 75.830um 194.735um 76.170um
 195.335um 75.830um 195.635um 76.170um
 196.235um 75.830um 196.535um 76.170um
 199.265um 75.510um 199.565um 75.850um
 200.365um 75.510um 200.665um 75.850um
 201.465um 75.510um 202.065um 75.850um
 202.865um 75.510um 203.465um 75.850um
 204.265um 75.510um 204.865um 75.850um
 205.665um 75.510um 206.265um 75.850um
 194.435um 69.780um 194.735um 70.120um
 195.335um 69.780um 195.635um 70.120um
 196.235um 69.780um 196.535um 70.120um
 199.265um 70.100um 199.565um 70.440um
 200.365um 70.100um 200.665um 70.440um
 201.465um 70.100um 202.065um 70.440um
 202.865um 70.100um 203.465um 70.440um
 204.265um 70.100um 204.865um 70.440um
 205.665um 70.100um 206.265um 70.440um
 194.435um 69.310um 194.735um 69.650um
 195.335um 69.310um 195.635um 69.650um
 196.235um 69.310um 196.535um 69.650um
 199.265um 69.310um 199.565um 69.650um
 200.365um 69.310um 200.665um 69.650um
 201.465um 69.310um 202.065um 69.650um
 202.865um 69.310um 203.465um 69.650um
 204.265um 69.310um 204.865um 69.650um
 205.665um 69.310um 206.265um 69.650um
 194.435um 67.950um 194.735um 68.290um
 195.335um 67.950um 195.635um 68.290um
 196.235um 67.950um 196.535um 68.290um
 199.265um 67.950um 199.565um 68.290um
 200.365um 67.950um 200.665um 68.290um
 201.465um 67.950um 202.065um 68.290um
 202.865um 67.950um 203.465um 68.290um
 204.265um 67.950um 204.865um 68.290um
 205.665um 67.950um 206.265um 68.290um
 194.435um 67.480um 194.735um 67.820um
 195.335um 67.480um 195.635um 67.820um
 196.235um 67.480um 196.535um 67.820um
 199.265um 67.160um 199.565um 67.500um
 200.365um 67.160um 200.665um 67.500um
 201.465um 67.160um 202.065um 67.500um
 202.865um 67.160um 203.465um 67.500um
 204.265um 67.160um 204.865um 67.500um
 205.665um 67.160um 206.265um 67.500um
 194.435um 61.430um 194.735um 61.770um
 195.335um 61.430um 195.635um 61.770um
 196.235um 61.430um 196.535um 61.770um
 199.265um 61.750um 199.565um 62.090um
 200.365um 61.750um 200.665um 62.090um
 201.465um 61.750um 202.065um 62.090um
 202.865um 61.750um 203.465um 62.090um
 204.265um 61.750um 204.865um 62.090um
 205.665um 61.750um 206.265um 62.090um
 194.435um 60.960um 194.735um 61.300um
 195.335um 60.960um 195.635um 61.300um
 196.235um 60.960um 196.535um 61.300um
 199.265um 60.960um 199.565um 61.300um
 200.365um 60.960um 200.665um 61.300um
 201.465um 60.960um 202.065um 61.300um
 202.865um 60.960um 203.465um 61.300um
 204.265um 60.960um 204.865um 61.300um
 205.665um 60.960um 206.265um 61.300um
 194.435um 59.600um 194.735um 59.940um
 195.335um 59.600um 195.635um 59.940um
 196.235um 59.600um 196.535um 59.940um
 199.265um 59.600um 199.565um 59.940um
 200.365um 59.600um 200.665um 59.940um
 201.465um 59.600um 202.065um 59.940um
 202.865um 59.600um 203.465um 59.940um
 204.265um 59.600um 204.865um 59.940um
 205.665um 59.600um 206.265um 59.940um
 194.435um 59.130um 194.735um 59.470um
 195.335um 59.130um 195.635um 59.470um
 196.235um 59.130um 196.535um 59.470um
 199.265um 58.810um 199.565um 59.150um
 200.365um 58.810um 200.665um 59.150um
 201.465um 58.810um 202.065um 59.150um
 202.865um 58.810um 203.465um 59.150um
 204.265um 58.810um 204.865um 59.150um
 205.665um 58.810um 206.265um 59.150um
 194.435um 48.480um 194.735um 48.820um
 195.335um 48.480um 195.635um 48.820um
 196.235um 48.480um 196.535um 48.820um
 199.265um 48.800um 199.565um 49.140um
 200.365um 48.800um 200.665um 49.140um
 201.465um 48.800um 202.065um 49.140um
 202.865um 48.800um 203.465um 49.140um
 204.265um 48.800um 204.865um 49.140um
 205.665um 48.800um 206.265um 49.140um
 194.435um 48.010um 194.735um 48.350um
 195.335um 48.010um 195.635um 48.350um
 196.235um 48.010um 196.535um 48.350um
 199.265um 48.010um 199.565um 48.350um
 200.365um 48.010um 200.665um 48.350um
 201.465um 48.010um 202.065um 48.350um
 202.865um 48.010um 203.465um 48.350um
 204.265um 48.010um 204.865um 48.350um
 205.665um 48.010um 206.265um 48.350um
 194.435um 46.650um 194.735um 46.990um
 195.335um 46.650um 195.635um 46.990um
 196.235um 46.650um 196.535um 46.990um
 199.265um 46.650um 199.565um 46.990um
 200.365um 46.650um 200.665um 46.990um
 201.465um 46.650um 202.065um 46.990um
 202.865um 46.650um 203.465um 46.990um
 204.265um 46.650um 204.865um 46.990um
 205.665um 46.650um 206.265um 46.990um
 194.435um 46.180um 194.735um 46.520um
 195.335um 46.180um 195.635um 46.520um
 196.235um 46.180um 196.535um 46.520um
 199.265um 45.860um 199.565um 46.200um
 200.365um 45.860um 200.665um 46.200um
 201.465um 45.860um 202.065um 46.200um
 202.865um 45.860um 203.465um 46.200um
 204.265um 45.860um 204.865um 46.200um
 205.665um 45.860um 206.265um 46.200um
 251.400um 40.925um 253.400um 41.265um
 254.200um 40.925um 254.800um 41.265um
 194.435um 40.130um 194.735um 40.470um
 195.335um 40.130um 195.635um 40.470um
 196.235um 40.130um 196.535um 40.470um
 199.265um 40.450um 199.565um 40.790um
 200.365um 40.450um 200.665um 40.790um
 201.465um 40.450um 202.065um 40.790um
 202.865um 40.450um 203.465um 40.790um
 204.265um 40.450um 204.865um 40.790um
 205.665um 40.450um 206.265um 40.790um
 251.400um 40.135um 253.400um 40.475um
 254.200um 40.135um 254.800um 40.475um
 194.435um 39.660um 194.735um 40.000um
 195.335um 39.660um 195.635um 40.000um
 196.235um 39.660um 196.535um 40.000um
 199.265um 39.660um 199.565um 40.000um
 200.365um 39.660um 200.665um 40.000um
 201.465um 39.660um 202.065um 40.000um
 202.865um 39.660um 203.465um 40.000um
 204.265um 39.660um 204.865um 40.000um
 205.665um 39.660um 206.265um 40.000um
 194.435um 38.300um 194.735um 38.640um
 195.335um 38.300um 195.635um 38.640um
 196.235um 38.300um 196.535um 38.640um
 199.265um 38.300um 199.565um 38.640um
 200.365um 38.300um 200.665um 38.640um
 201.465um 38.300um 202.065um 38.640um
 202.865um 38.300um 203.465um 38.640um
 204.265um 38.300um 204.865um 38.640um
 205.665um 38.300um 206.265um 38.640um
 194.435um 37.830um 194.735um 38.170um
 195.335um 37.830um 195.635um 38.170um
 196.235um 37.830um 196.535um 38.170um
 199.265um 37.510um 199.565um 37.850um
 200.365um 37.510um 200.665um 37.850um
 201.465um 37.510um 202.065um 37.850um
 202.865um 37.510um 203.465um 37.850um
 204.265um 37.510um 204.865um 37.850um
 205.665um 37.510um 206.265um 37.850um
 194.435um 31.780um 194.735um 32.120um
 195.335um 31.780um 195.635um 32.120um
 196.235um 31.780um 196.535um 32.120um
 199.265um 32.100um 199.565um 32.440um
 200.365um 32.100um 200.665um 32.440um
 201.465um 32.100um 202.065um 32.440um
 202.865um 32.100um 203.465um 32.440um
 204.265um 32.100um 204.865um 32.440um
 205.665um 32.100um 206.265um 32.440um
 194.435um 31.310um 194.735um 31.650um
 195.335um 31.310um 195.635um 31.650um
 196.235um 31.310um 196.535um 31.650um
 199.265um 31.310um 199.565um 31.650um
 200.365um 31.310um 200.665um 31.650um
 201.465um 31.310um 202.065um 31.650um
 202.865um 31.310um 203.465um 31.650um
 204.265um 31.310um 204.865um 31.650um
 205.665um 31.310um 206.265um 31.650um
 194.435um 29.950um 194.735um 30.290um
 195.335um 29.950um 195.635um 30.290um
 196.235um 29.950um 196.535um 30.290um
 199.265um 29.950um 199.565um 30.290um
 200.365um 29.950um 200.665um 30.290um
 201.465um 29.950um 202.065um 30.290um
 202.865um 29.950um 203.465um 30.290um
 204.265um 29.950um 204.865um 30.290um
 205.665um 29.950um 206.265um 30.290um
 194.435um 29.480um 194.735um 29.820um
 195.335um 29.480um 195.635um 29.820um
 196.235um 29.480um 196.535um 29.820um
 199.265um 29.160um 199.565um 29.500um
 200.365um 29.160um 200.665um 29.500um
 201.465um 29.160um 202.065um 29.500um
 202.865um 29.160um 203.465um 29.500um
 204.265um 29.160um 204.865um 29.500um
 205.665um 29.160um 206.265um 29.500um
 194.435um 23.430um 194.735um 23.770um
 195.335um 23.430um 195.635um 23.770um
 196.235um 23.430um 196.535um 23.770um
 199.265um 23.750um 199.565um 24.090um
 200.365um 23.750um 200.665um 24.090um
 201.465um 23.750um 202.065um 24.090um
 202.865um 23.750um 203.465um 24.090um
 204.265um 23.750um 204.865um 24.090um
 205.665um 23.750um 206.265um 24.090um
 194.435um 22.960um 194.735um 23.300um
 195.335um 22.960um 195.635um 23.300um
 196.235um 22.960um 196.535um 23.300um
 199.265um 22.960um 199.565um 23.300um
 200.365um 22.960um 200.665um 23.300um
 201.465um 22.960um 202.065um 23.300um
 202.865um 22.960um 203.465um 23.300um
 204.265um 22.960um 204.865um 23.300um
 205.665um 22.960um 206.265um 23.300um
 194.435um 21.600um 194.735um 21.940um
 195.335um 21.600um 195.635um 21.940um
 196.235um 21.600um 196.535um 21.940um
 199.265um 21.600um 199.565um 21.940um
 200.365um 21.600um 200.665um 21.940um
 201.465um 21.600um 202.065um 21.940um
 202.865um 21.600um 203.465um 21.940um
 204.265um 21.600um 204.865um 21.940um
 205.665um 21.600um 206.265um 21.940um
 194.435um 21.130um 194.735um 21.470um
 195.335um 21.130um 195.635um 21.470um
 196.235um 21.130um 196.535um 21.470um
 199.265um 20.810um 199.565um 21.150um
 200.365um 20.810um 200.665um 21.150um
 201.465um 20.810um 202.065um 21.150um
 202.865um 20.810um 203.465um 21.150um
 204.265um 20.810um 204.865um 21.150um
 205.665um 20.810um 206.265um 21.150um
----------------------------------------
Diffusion minimum area < 0.122um^2 (Act.d)
----------------------------------------
 194.840um 137.300um 194.960um 137.600um
----------------------------------------
[INFO] COUNT: 1248
[INFO] Should be divided by 3 or 4

