+ analyze_power_grid -net VPWR -voltage_file /home/benedikt/heichips26-FAIf/macros/heichips26_FAIf/flow/librelane/runs/RUN_2026-10-09_14-09-18/56-openroad-irdropreport/net-VPWR.csv
[INFO PSM-0040] All shapes on net VPWR are connected.
########## IR report #################
Net              : VPWR
Corner           : nom_typ_1p20V_25C
Total power      : 5.09e-04 W
Supply voltage   : 1.20e+00 V
Worstcase voltage: 1.20e+00 V
Average voltage  : 1.20e+00 V
Average IR drop  : 1.19e-04 V
Worstcase IR drop: 5.17e-04 V
Percentage drop  : 0.04 %
######################################
+ analyze_power_grid -net VAPWR -voltage_file /home/benedikt/heichips26-FAIf/macros/heichips26_FAIf/flow/librelane/runs/RUN_2026-10-09_14-09-18/56-openroad-irdropreport/net-VAPWR.csv
[INFO PSM-0040] All shapes on net VAPWR are connected.
########## IR report #################
Net              : VAPWR
Corner           : nom_typ_1p20V_25C
Total power      : 2.03e-06 W
Supply voltage   : 1.20e+00 V
Worstcase voltage: 1.20e+00 V
Average voltage  : 1.20e+00 V
Average IR drop  : 4.19e-08 V
Worstcase IR drop: 2.70e-06 V
Percentage drop  : 0.00 %
######################################
+ analyze_power_grid -net VGND -voltage_file /home/benedikt/heichips26-FAIf/macros/heichips26_FAIf/flow/librelane/runs/RUN_2026-10-09_14-09-18/56-openroad-irdropreport/net-VGND.csv
[INFO PSM-0040] All shapes on net VGND are connected.
########## IR report #################
Net              : VGND
Corner           : nom_typ_1p20V_25C
Total power      : 5.09e-04 W
Supply voltage   : 0.00e+00 V
Worstcase voltage: 4.25e-04 V
Average voltage  : 1.10e-04 V
Average IR drop  : 1.10e-04 V
Worstcase IR drop: 4.25e-04 V
Percentage drop  : 0.04 %
######################################
+ analyze_power_grid -net VGND -voltage_file /home/benedikt/heichips26-FAIf/macros/heichips26_FAIf/flow/librelane/runs/RUN_2026-10-09_14-09-18/56-openroad-irdropreport/net-VGND.csv
[INFO PSM-0040] All shapes on net VGND are connected.
########## IR report #################
Net              : VGND
Corner           : nom_typ_1p20V_25C
Total power      : 5.09e-04 W
Supply voltage   : 0.00e+00 V
Worstcase voltage: 4.25e-04 V
Average voltage  : 1.10e-04 V
Average IR drop  : 1.10e-04 V
Worstcase IR drop: 4.25e-04 V
Percentage drop  : 0.04 %
######################################
