
===========================================================================
 report_power
============================================================================
======================= nom_typ_1p20V_25C Corner ===================================

Group                    Internal    Switching      Leakage        Total
                            Power        Power        Power        Power (Watts)
------------------------------------------------------------------------
Sequential           3.210100e-04 7.004861e-06 2.680755e-08 3.280417e-04  64.4%
Combinational        3.630370e-05 1.893893e-05 5.277185e-08 5.529541e-05  10.9%
Clock                6.652976e-05 5.534763e-05 1.773787e-06 1.236512e-04  24.3%
Macro                0.000000e+00 2.026065e-06 0.000000e+00 2.026065e-06   0.4%
Pad                  0.000000e+00 0.000000e+00 0.000000e+00 0.000000e+00   0.0%
------------------------------------------------------------------------
Total                4.238433e-04 8.331750e-05 1.853367e-06 5.090142e-04 100.0%
                            83.3%        16.4%         0.4%

