
===========================================================================
 report_power
============================================================================
======================= nom_slow_1p08V_125C Corner ===================================

Group                    Internal    Switching      Leakage        Total
                            Power        Power        Power        Power (Watts)
------------------------------------------------------------------------
Sequential           2.588339e-04 5.574937e-06 1.254028e-07 2.645342e-04  65.3%
Combinational        2.819305e-05 1.463902e-05 2.338270e-07 4.306590e-05  10.6%
Clock                5.189805e-05 4.288385e-05 4.714185e-07 9.525332e-05  23.5%
Macro                0.000000e+00 2.024386e-06 0.000000e+00 2.024386e-06   0.5%
Pad                  0.000000e+00 0.000000e+00 0.000000e+00 0.000000e+00   0.0%
------------------------------------------------------------------------
Total                3.389248e-04 6.512217e-05 8.306468e-07 4.048777e-04 100.0%
                            83.7%        16.1%         0.2%

