
===========================================================================
 report_power
============================================================================
======================= nom_fast_1p32V_m40C Corner ===================================

Group                    Internal    Switching      Leakage        Total
                            Power        Power        Power        Power (Watts)
------------------------------------------------------------------------
Sequential           3.906065e-04 8.669825e-06 5.693145e-08 3.993333e-04  63.0%
Combinational        4.636410e-05 2.395088e-05 1.243092e-07 7.043930e-05  11.1%
Clock                8.486997e-05 7.061524e-05 6.573586e-06 1.620588e-04  25.6%
Macro                0.000000e+00 2.028652e-06 0.000000e+00 2.028652e-06   0.3%
Pad                  0.000000e+00 0.000000e+00 0.000000e+00 0.000000e+00   0.0%
------------------------------------------------------------------------
Total                5.218404e-04 1.052646e-04 6.754827e-06 6.338598e-04 100.0%
                            82.3%        16.6%         1.1%

