113. Printing statistics.

=== heichips26_FAIf ===

        +----------Local Count, excluding submodules.
        |        +-Local Area, excluding submodules.
        |        | 
      169        - wires
      204        - wire bits
       77        - public wires
      112        - public wire bits
       11        - ports
       46        - port bits
      182 4.08E+03 cells
        1        -   analogue_interface
        8  101.606   sg13cmos5l_a21o_1
       14  127.008   sg13cmos5l_a21oi_1
        1   14.515   sg13cmos5l_a221oi_1
        1    9.072   sg13cmos5l_and2_1
        2   14.515   sg13cmos5l_buf_1
       55 2.69E+03   sg13cmos5l_dfrbpq_1
        5   27.216   sg13cmos5l_inv_1
       29  526.176   sg13cmos5l_mux2_1
        8   58.061   sg13cmos5l_nand2_1
       10    90.72   sg13cmos5l_nand2b_1
        1    9.072   sg13cmos5l_nand3_1
        2   21.773   sg13cmos5l_nand4_1
        2   14.515   sg13cmos5l_nor2_1
       10    90.72   sg13cmos5l_nor2b_1
       16  145.152   sg13cmos5l_nor3_1
        3   32.659   sg13cmos5l_nor4_1
        2   14.515   sg13cmos5l_tiehi
       12   87.091   sg13cmos5l_tielo

   Area for cell type \analogue_interface is unknown!

   Chip area for module '\heichips26_FAIf': 4078.771200
     of which used for sequential elements: 2694.384000 (66.06%)

