99. Printing statistics.

=== heichips26_FAIf ===

        +----------Local Count, excluding submodules.
        | 
      137 wires
      227 wire bits
       25 public wires
      115 public wire bits
       11 ports
       46 port bits
      188 cells
       38   $_ANDNOT_
        1   $_AND_
       36   $_DFFE_PN0P_
       18   $_DFF_PN0_
        1   $_DFF_PN1_
       41   $_MUX_
        1   $_NAND_
        1   $_NOR_
       19   $_NOT_
       16   $_ORNOT_
       15   $_OR_
        1   analogue_interface

   Area for cell type $_ANDNOT_ is unknown!
   Area for cell type $_AND_ is unknown!
   Area for cell type $_DFFE_PN0P_ is unknown!
   Area for cell type $_DFF_PN0_ is unknown!
   Area for cell type $_DFF_PN1_ is unknown!
   Area for cell type $_MUX_ is unknown!
   Area for cell type $_NAND_ is unknown!
   Area for cell type $_NOR_ is unknown!
   Area for cell type $_NOT_ is unknown!
   Area for cell type $_ORNOT_ is unknown!
   Area for cell type $_OR_ is unknown!
   Area for cell type \analogue_interface is unknown!

