105. Printing statistics.

=== heichips26_FAIf ===

        +----------Local Count, excluding submodules.
        |        +-Local Area, excluding submodules.
        |        | 
      175        - wires
      265        - wire bits
       25        - public wires
      115        - public wire bits
       11        - ports
       46        - port bits
      226 2.69E+03 cells
       38        -   $_ANDNOT_
        1        -   $_AND_
       77        -   $_MUX_
        1        -   $_NAND_
        1        -   $_NOR_
       21        -   $_NOT_
       16        -   $_ORNOT_
       15        -   $_OR_
        1        -   analogue_interface
       55 2.69E+03   sg13cmos5l_dfrbpq_1

   Area for cell type $_ANDNOT_ is unknown!
   Area for cell type $_AND_ is unknown!
   Area for cell type $_MUX_ is unknown!
   Area for cell type $_NAND_ is unknown!
   Area for cell type $_NOR_ is unknown!
   Area for cell type $_NOT_ is unknown!
   Area for cell type $_ORNOT_ is unknown!
   Area for cell type $_OR_ is unknown!
   Area for cell type \analogue_interface is unknown!

   Chip area for module '\heichips26_FAIf': 2694.384000
     of which used for sequential elements: 2694.384000 (100.00%)

